> Task :app:compileKotlin
> Task :app:compileJava NO-SOURCE
> Task :app:processResources NO-SOURCE
> Task :app:classes UP-TO-DATE

> Task :app:run
Hello, World!

BUILD SUCCESSFUL in 0s
2 actionable tasks: 2 executed
