> Task :app:compileJava
> Task :app:processResources NO-SOURCE
> Task :app:classes

> Task :app:run
Hello, World!

BUILD SUCCESSFUL in 0s
2 actionable tasks: 2 executed
