> Task :lib:compileKotlin
> Task :lib:compileJava NO-SOURCE
> Task :lib:processResources NO-SOURCE
> Task :lib:classes UP-TO-DATE
> Task :lib:inspectClassesForKotlinIC
> Task :lib:jar

BUILD SUCCESSFUL in 0s
3 actionable tasks: 3 executed
